[1.016s] Invoking command in '/home/alexmazila/Documents/PDS_KSMm-26_Pavliuk/Lab_1/code/py_pubsub': DEBUGINFOD_URLS=https://debuginfod.ubuntu.com PYTHONPATH=/home/alexmazila/Documents/PDS_KSMm-26_Pavliuk/Lab_1/build/py_pubsub/prefix_override:/usr/lib/python3/dist-packages/colcon_core/task/python/colcon_distutils_commands:/home/alexmazila/Documents/PDS_KSMm-26_Pavliuk/Lab_1/install/py_pubsub/lib/python3.14/site-packages:${PYTHONPATH} /usr/bin/python3 -W ignore:setup.py install is deprecated -W ignore:easy_install command is deprecated setup.py egg_info --egg-base ../../build/py_pubsub build --build-base /home/alexmazila/Documents/PDS_KSMm-26_Pavliuk/Lab_1/build/py_pubsub/build install --record /home/alexmazila/Documents/PDS_KSMm-26_Pavliuk/Lab_1/build/py_pubsub/install.log --install-scripts $base/lib/py_pubsub --single-version-externally-managed install_data
[1.189s] running egg_info
[1.201s] writing ../../build/py_pubsub/py_pubsub.egg-info/PKG-INFO
[1.202s] writing dependency_links to ../../build/py_pubsub/py_pubsub.egg-info/dependency_links.txt
[1.203s] writing entry points to ../../build/py_pubsub/py_pubsub.egg-info/entry_points.txt
[1.203s] writing requirements to ../../build/py_pubsub/py_pubsub.egg-info/requires.txt
[1.203s] writing top-level names to ../../build/py_pubsub/py_pubsub.egg-info/top_level.txt
[1.228s] reading manifest file '../../build/py_pubsub/py_pubsub.egg-info/SOURCES.txt'
[1.230s] writing manifest file '../../build/py_pubsub/py_pubsub.egg-info/SOURCES.txt'
[1.230s] running build
[1.230s] running build_py
[1.230s] copying py_pubsub/publisher_member_function.py -> /home/alexmazila/Documents/PDS_KSMm-26_Pavliuk/Lab_1/build/py_pubsub/build/lib/py_pubsub
[1.230s] copying py_pubsub/subscriber_member_function.py -> /home/alexmazila/Documents/PDS_KSMm-26_Pavliuk/Lab_1/build/py_pubsub/build/lib/py_pubsub
[1.231s] copying py_pubsub/__init__.py -> /home/alexmazila/Documents/PDS_KSMm-26_Pavliuk/Lab_1/build/py_pubsub/build/lib/py_pubsub
[1.231s] copying py_pubsub/py.typed -> /home/alexmazila/Documents/PDS_KSMm-26_Pavliuk/Lab_1/build/py_pubsub/build/lib/py_pubsub
[1.232s] running install
[1.235s] running install_lib
[1.248s] running install_data
[1.248s] copying resource/py_pubsub -> /home/alexmazila/Documents/PDS_KSMm-26_Pavliuk/Lab_1/install/py_pubsub/share/ament_index/resource_index/packages
[1.249s] copying package.xml -> /home/alexmazila/Documents/PDS_KSMm-26_Pavliuk/Lab_1/install/py_pubsub/share/py_pubsub
[1.249s] running install_egg_info
[1.259s] removing '/home/alexmazila/Documents/PDS_KSMm-26_Pavliuk/Lab_1/install/py_pubsub/lib/python3.14/site-packages/py_pubsub-0.0.0-py3.14.egg-info' (and everything under it)
[1.260s] Copying ../../build/py_pubsub/py_pubsub.egg-info to /home/alexmazila/Documents/PDS_KSMm-26_Pavliuk/Lab_1/install/py_pubsub/lib/python3.14/site-packages/py_pubsub-0.0.0-py3.14.egg-info
[1.263s] running install_scripts
[1.315s] Installing listener script to /home/alexmazila/Documents/PDS_KSMm-26_Pavliuk/Lab_1/install/py_pubsub/lib/py_pubsub
[1.315s] Installing talker script to /home/alexmazila/Documents/PDS_KSMm-26_Pavliuk/Lab_1/install/py_pubsub/lib/py_pubsub
[1.316s] writing list of installed files to '/home/alexmazila/Documents/PDS_KSMm-26_Pavliuk/Lab_1/build/py_pubsub/install.log'
[1.336s] Invoked command in '/home/alexmazila/Documents/PDS_KSMm-26_Pavliuk/Lab_1/code/py_pubsub' returned '0': DEBUGINFOD_URLS=https://debuginfod.ubuntu.com PYTHONPATH=/home/alexmazila/Documents/PDS_KSMm-26_Pavliuk/Lab_1/build/py_pubsub/prefix_override:/usr/lib/python3/dist-packages/colcon_core/task/python/colcon_distutils_commands:/home/alexmazila/Documents/PDS_KSMm-26_Pavliuk/Lab_1/install/py_pubsub/lib/python3.14/site-packages:${PYTHONPATH} /usr/bin/python3 -W ignore:setup.py install is deprecated -W ignore:easy_install command is deprecated setup.py egg_info --egg-base ../../build/py_pubsub build --build-base /home/alexmazila/Documents/PDS_KSMm-26_Pavliuk/Lab_1/build/py_pubsub/build install --record /home/alexmazila/Documents/PDS_KSMm-26_Pavliuk/Lab_1/build/py_pubsub/install.log --install-scripts $base/lib/py_pubsub --single-version-externally-managed install_data
