[0.523s] Invoking command in '/home/alexmazila/Documents/PDS_KSMm-26_Pavliuk/Lab_1/code/py_pubsub': DEBUGINFOD_URLS=https://debuginfod.ubuntu.com PYTHONPATH=/home/alexmazila/Documents/PDS_KSMm-26_Pavliuk/Lab_1/build/py_pubsub/prefix_override:/usr/lib/python3/dist-packages/colcon_core/task/python/colcon_distutils_commands:/home/alexmazila/Documents/PDS_KSMm-26_Pavliuk/Lab_1/install/py_pubsub/lib/python3.14/site-packages:${PYTHONPATH} /usr/bin/python3 -W ignore:setup.py install is deprecated -W ignore:easy_install command is deprecated setup.py egg_info --egg-base ../../build/py_pubsub build --build-base /home/alexmazila/Documents/PDS_KSMm-26_Pavliuk/Lab_1/build/py_pubsub/build install --record /home/alexmazila/Documents/PDS_KSMm-26_Pavliuk/Lab_1/build/py_pubsub/install.log --install-scripts $base/lib/py_pubsub --single-version-externally-managed install_data
[0.712s] running egg_info
[0.725s] creating ../../build/py_pubsub/py_pubsub.egg-info
[0.726s] writing ../../build/py_pubsub/py_pubsub.egg-info/PKG-INFO
[0.726s] writing dependency_links to ../../build/py_pubsub/py_pubsub.egg-info/dependency_links.txt
[0.727s] writing entry points to ../../build/py_pubsub/py_pubsub.egg-info/entry_points.txt
[0.727s] writing requirements to ../../build/py_pubsub/py_pubsub.egg-info/requires.txt
[0.727s] writing top-level names to ../../build/py_pubsub/py_pubsub.egg-info/top_level.txt
[0.728s] writing manifest file '../../build/py_pubsub/py_pubsub.egg-info/SOURCES.txt'
[0.750s] reading manifest file '../../build/py_pubsub/py_pubsub.egg-info/SOURCES.txt'
[0.752s] writing manifest file '../../build/py_pubsub/py_pubsub.egg-info/SOURCES.txt'
[0.753s] running build
[0.753s] running build_py
[0.753s] creating /home/alexmazila/Documents/PDS_KSMm-26_Pavliuk/Lab_1/build/py_pubsub/build/lib/py_pubsub
[0.754s] copying py_pubsub/publisher_member_function.py -> /home/alexmazila/Documents/PDS_KSMm-26_Pavliuk/Lab_1/build/py_pubsub/build/lib/py_pubsub
[0.754s] copying py_pubsub/subscriber_member_function.py -> /home/alexmazila/Documents/PDS_KSMm-26_Pavliuk/Lab_1/build/py_pubsub/build/lib/py_pubsub
[0.754s] copying py_pubsub/__init__.py -> /home/alexmazila/Documents/PDS_KSMm-26_Pavliuk/Lab_1/build/py_pubsub/build/lib/py_pubsub
[0.755s] copying py_pubsub/py.typed -> /home/alexmazila/Documents/PDS_KSMm-26_Pavliuk/Lab_1/build/py_pubsub/build/lib/py_pubsub
[0.755s] running install
[0.759s] running install_lib
[0.770s] creating /home/alexmazila/Documents/PDS_KSMm-26_Pavliuk/Lab_1/install/py_pubsub/lib/python3.14/site-packages/py_pubsub
[0.770s] copying /home/alexmazila/Documents/PDS_KSMm-26_Pavliuk/Lab_1/build/py_pubsub/build/lib/py_pubsub/py.typed -> /home/alexmazila/Documents/PDS_KSMm-26_Pavliuk/Lab_1/install/py_pubsub/lib/python3.14/site-packages/py_pubsub
[0.770s] copying /home/alexmazila/Documents/PDS_KSMm-26_Pavliuk/Lab_1/build/py_pubsub/build/lib/py_pubsub/publisher_member_function.py -> /home/alexmazila/Documents/PDS_KSMm-26_Pavliuk/Lab_1/install/py_pubsub/lib/python3.14/site-packages/py_pubsub
[0.770s] copying /home/alexmazila/Documents/PDS_KSMm-26_Pavliuk/Lab_1/build/py_pubsub/build/lib/py_pubsub/subscriber_member_function.py -> /home/alexmazila/Documents/PDS_KSMm-26_Pavliuk/Lab_1/install/py_pubsub/lib/python3.14/site-packages/py_pubsub
[0.771s] copying /home/alexmazila/Documents/PDS_KSMm-26_Pavliuk/Lab_1/build/py_pubsub/build/lib/py_pubsub/__init__.py -> /home/alexmazila/Documents/PDS_KSMm-26_Pavliuk/Lab_1/install/py_pubsub/lib/python3.14/site-packages/py_pubsub
[0.771s] byte-compiling /home/alexmazila/Documents/PDS_KSMm-26_Pavliuk/Lab_1/install/py_pubsub/lib/python3.14/site-packages/py_pubsub/publisher_member_function.py to publisher_member_function.cpython-314.pyc
[0.771s] byte-compiling /home/alexmazila/Documents/PDS_KSMm-26_Pavliuk/Lab_1/install/py_pubsub/lib/python3.14/site-packages/py_pubsub/subscriber_member_function.py to subscriber_member_function.cpython-314.pyc
[0.772s] byte-compiling /home/alexmazila/Documents/PDS_KSMm-26_Pavliuk/Lab_1/install/py_pubsub/lib/python3.14/site-packages/py_pubsub/__init__.py to __init__.cpython-314.pyc
[0.772s] running install_data
[0.772s] creating /home/alexmazila/Documents/PDS_KSMm-26_Pavliuk/Lab_1/install/py_pubsub/share/ament_index/resource_index/packages
[0.772s] copying resource/py_pubsub -> /home/alexmazila/Documents/PDS_KSMm-26_Pavliuk/Lab_1/install/py_pubsub/share/ament_index/resource_index/packages
[0.773s] copying package.xml -> /home/alexmazila/Documents/PDS_KSMm-26_Pavliuk/Lab_1/install/py_pubsub/share/py_pubsub
[0.773s] running install_egg_info
[0.782s] Copying ../../build/py_pubsub/py_pubsub.egg-info to /home/alexmazila/Documents/PDS_KSMm-26_Pavliuk/Lab_1/install/py_pubsub/lib/python3.14/site-packages/py_pubsub-0.0.0-py3.14.egg-info
[0.784s] running install_scripts
[0.844s] Installing listener script to /home/alexmazila/Documents/PDS_KSMm-26_Pavliuk/Lab_1/install/py_pubsub/lib/py_pubsub
[0.845s] Installing talker script to /home/alexmazila/Documents/PDS_KSMm-26_Pavliuk/Lab_1/install/py_pubsub/lib/py_pubsub
[0.845s] writing list of installed files to '/home/alexmazila/Documents/PDS_KSMm-26_Pavliuk/Lab_1/build/py_pubsub/install.log'
[0.869s] Invoked command in '/home/alexmazila/Documents/PDS_KSMm-26_Pavliuk/Lab_1/code/py_pubsub' returned '0': DEBUGINFOD_URLS=https://debuginfod.ubuntu.com PYTHONPATH=/home/alexmazila/Documents/PDS_KSMm-26_Pavliuk/Lab_1/build/py_pubsub/prefix_override:/usr/lib/python3/dist-packages/colcon_core/task/python/colcon_distutils_commands:/home/alexmazila/Documents/PDS_KSMm-26_Pavliuk/Lab_1/install/py_pubsub/lib/python3.14/site-packages:${PYTHONPATH} /usr/bin/python3 -W ignore:setup.py install is deprecated -W ignore:easy_install command is deprecated setup.py egg_info --egg-base ../../build/py_pubsub build --build-base /home/alexmazila/Documents/PDS_KSMm-26_Pavliuk/Lab_1/build/py_pubsub/build install --record /home/alexmazila/Documents/PDS_KSMm-26_Pavliuk/Lab_1/build/py_pubsub/install.log --install-scripts $base/lib/py_pubsub --single-version-externally-managed install_data
